<?xml version="1.0" encoding="UTF-8"?>
<testsuites name="jest tests" tests="10" failures="0" errors="0" time="0.88">
  <testsuite name="Checkout pricing SPEC (source of truth)" errors="0" failures="0" skipped="0" timestamp="2026-08-13T19:44:24" time="0.709" tests="10">
    <testcase classname="Checkout pricing SPEC (source of truth) subtotal = sum(price * quantity) and no other rules" name="Checkout pricing SPEC (source of truth) subtotal = sum(price * quantity) and no other rules" time="0.002">
    </testcase>
    <testcase classname="Checkout pricing SPEC (source of truth) percent coupon applies to whole order when categories empty" name="Checkout pricing SPEC (source of truth) percent coupon applies to whole order when categories empty" time="0">
    </testcase>
    <testcase classname="Checkout pricing SPEC (source of truth) percent coupon with categories applies only to matching items" name="Checkout pricing SPEC (source of truth) percent coupon with categories applies only to matching items" time="0.001">
    </testcase>
    <testcase classname="Checkout pricing SPEC (source of truth) coupon only applies if subtotal &gt;= minSubtotal" name="Checkout pricing SPEC (source of truth) coupon only applies if subtotal &gt;= minSubtotal" time="0">
    </testcase>
    <testcase classname="Checkout pricing SPEC (source of truth) fixed coupon subtracts from running total but never below 0" name="Checkout pricing SPEC (source of truth) fixed coupon subtracts from running total but never below 0" time="0.001">
    </testcase>
    <testcase classname="Checkout pricing SPEC (source of truth) member discount (5%) applies after coupon" name="Checkout pricing SPEC (source of truth) member discount (5%) applies after coupon" time="0">
    </testcase>
    <testcase classname="Checkout pricing SPEC (source of truth) tax of 8% applied after coupon + member discount" name="Checkout pricing SPEC (source of truth) tax of 8% applied after coupon + member discount" time="0.001">
    </testcase>
    <testcase classname="Checkout pricing SPEC (source of truth) loyalty redemption applies last (100 points = $1) and cannot reduce below zero" name="Checkout pricing SPEC (source of truth) loyalty redemption applies last (100 points = $1) and cannot reduce below zero" time="0">
    </testcase>
    <testcase classname="Checkout pricing SPEC (source of truth) rounding to 2 decimals is enforced" name="Checkout pricing SPEC (source of truth) rounding to 2 decimals is enforced" time="0.001">
    </testcase>
    <testcase classname="Checkout pricing SPEC (source of truth) complex combined scenario runs rules in exact order" name="Checkout pricing SPEC (source of truth) complex combined scenario runs rules in exact order" time="0">
    </testcase>
  </testsuite>
</testsuites>